# serializer version: 1
# name: test_matriz_completa
  dict({
    '000000|checkpassword': dict({
      'accion': 'aviso',
      'code': '000000',
      'counts_for_lockout': False,
      'exito': True,
      'fallo': False,
      'outcome': 'ok',
      'reason': None,
      'regenerate_taskid': False,
      'retryable': False,
    }),
    '000000|comando': dict({
      'accion': 'aviso',
      'code': '000000',
      'counts_for_lockout': False,
      'exito': True,
      'fallo': False,
      'outcome': 'ok',
      'reason': None,
      'regenerate_taskid': False,
      'retryable': False,
    }),
    '123|checkpassword': dict({
      'accion': 'repair_pin',
      'code': '123',
      'counts_for_lockout': True,
      'exito': False,
      'fallo': False,
      'outcome': 'unknown',
      'reason': 'pin',
      'regenerate_taskid': False,
      'retryable': False,
    }),
    '123|comando': dict({
      'accion': 'aviso',
      'code': '123',
      'counts_for_lockout': False,
      'exito': False,
      'fallo': False,
      'outcome': 'unknown',
      'reason': None,
      'regenerate_taskid': False,
      'retryable': False,
    }),
    '<vacio>|checkpassword': dict({
      'accion': 'repair_pin',
      'code': None,
      'counts_for_lockout': True,
      'exito': False,
      'fallo': False,
      'outcome': 'unknown',
      'reason': 'pin',
      'regenerate_taskid': False,
      'retryable': False,
    }),
    '<vacio>|comando': dict({
      'accion': 'aviso',
      'code': None,
      'counts_for_lockout': False,
      'exito': False,
      'fallo': False,
      'outcome': 'unknown',
      'reason': None,
      'regenerate_taskid': False,
      'retryable': False,
    }),
    'A00000|checkpassword': dict({
      'accion': 'reauth',
      'code': 'A00000',
      'counts_for_lockout': False,
      'exito': False,
      'fallo': True,
      'outcome': 'ko',
      'reason': 'reauth',
      'regenerate_taskid': False,
      'retryable': False,
    }),
    'A00000|comando': dict({
      'accion': 'reauth',
      'code': 'A00000',
      'counts_for_lockout': False,
      'exito': False,
      'fallo': True,
      'outcome': 'ko',
      'reason': 'reauth',
      'regenerate_taskid': False,
      'retryable': False,
    }),
    'A00079|checkpassword': dict({
      'accion': 'aviso',
      'code': 'A00079',
      'counts_for_lockout': False,
      'exito': True,
      'fallo': False,
      'outcome': 'ok',
      'reason': None,
      'regenerate_taskid': False,
      'retryable': False,
    }),
    'A00079|comando': dict({
      'accion': 'aviso',
      'code': 'A00079',
      'counts_for_lockout': False,
      'exito': True,
      'fallo': False,
      'outcome': 'ok',
      'reason': None,
      'regenerate_taskid': False,
      'retryable': False,
    }),
    'A00082|checkpassword': dict({
      'accion': 'aviso',
      'code': 'A00082',
      'counts_for_lockout': False,
      'exito': False,
      'fallo': True,
      'outcome': 'ko',
      'reason': None,
      'regenerate_taskid': False,
      'retryable': True,
    }),
    'A00082|comando': dict({
      'accion': 'aviso',
      'code': 'A00082',
      'counts_for_lockout': False,
      'exito': False,
      'fallo': True,
      'outcome': 'ko',
      'reason': None,
      'regenerate_taskid': False,
      'retryable': True,
    }),
    'A00084|checkpassword': dict({
      'accion': 'aviso',
      'code': 'A00084',
      'counts_for_lockout': False,
      'exito': False,
      'fallo': True,
      'outcome': 'ko',
      'reason': None,
      'regenerate_taskid': False,
      'retryable': False,
    }),
    'A00084|comando': dict({
      'accion': 'aviso',
      'code': 'A00084',
      'counts_for_lockout': False,
      'exito': False,
      'fallo': True,
      'outcome': 'ko',
      'reason': None,
      'regenerate_taskid': False,
      'retryable': False,
    }),
    'A00089|checkpassword': dict({
      'accion': 'aviso',
      'code': 'A00089',
      'counts_for_lockout': False,
      'exito': False,
      'fallo': True,
      'outcome': 'ko',
      'reason': None,
      'regenerate_taskid': True,
      'retryable': False,
    }),
    'A00089|comando': dict({
      'accion': 'aviso',
      'code': 'A00089',
      'counts_for_lockout': False,
      'exito': False,
      'fallo': True,
      'outcome': 'ko',
      'reason': None,
      'regenerate_taskid': True,
      'retryable': False,
    }),
    'A00282|checkpassword': dict({
      'accion': 'repair_pin',
      'code': 'A00282',
      'counts_for_lockout': True,
      'exito': False,
      'fallo': False,
      'outcome': 'unknown',
      'reason': 'pin',
      'regenerate_taskid': False,
      'retryable': False,
    }),
    'A00282|comando': dict({
      'accion': 'aviso',
      'code': 'A00282',
      'counts_for_lockout': False,
      'exito': False,
      'fallo': False,
      'outcome': 'unknown',
      'reason': None,
      'regenerate_taskid': False,
      'retryable': False,
    }),
    'A00285|checkpassword': dict({
      'accion': 'repair_pin',
      'code': 'A00285',
      'counts_for_lockout': True,
      'exito': False,
      'fallo': False,
      'outcome': 'unknown',
      'reason': 'pin',
      'regenerate_taskid': False,
      'retryable': False,
    }),
    'A00285|comando': dict({
      'accion': 'aviso',
      'code': 'A00285',
      'counts_for_lockout': False,
      'exito': False,
      'fallo': False,
      'outcome': 'unknown',
      'reason': None,
      'regenerate_taskid': False,
      'retryable': False,
    }),
    'A00374|checkpassword': dict({
      'accion': 'aviso',
      'code': 'A00374',
      'counts_for_lockout': False,
      'exito': False,
      'fallo': False,
      'outcome': 'unknown',
      'reason': 'config',
      'regenerate_taskid': False,
      'retryable': False,
    }),
    'A00374|comando': dict({
      'accion': 'aviso',
      'code': 'A00374',
      'counts_for_lockout': False,
      'exito': False,
      'fallo': False,
      'outcome': 'unknown',
      'reason': 'config',
      'regenerate_taskid': False,
      'retryable': False,
    }),
    'A00546|checkpassword': dict({
      'accion': 'aviso',
      'code': 'A00546',
      'counts_for_lockout': False,
      'exito': False,
      'fallo': True,
      'outcome': 'ko',
      'reason': None,
      'regenerate_taskid': True,
      'retryable': False,
    }),
    'A00546|comando': dict({
      'accion': 'aviso',
      'code': 'A00546',
      'counts_for_lockout': False,
      'exito': False,
      'fallo': True,
      'outcome': 'ko',
      'reason': None,
      'regenerate_taskid': True,
      'retryable': False,
    }),
    'A00554|checkpassword': dict({
      'accion': 'aviso',
      'code': 'A00554',
      'counts_for_lockout': False,
      'exito': False,
      'fallo': False,
      'outcome': 'unknown',
      'reason': 'config',
      'regenerate_taskid': False,
      'retryable': False,
    }),
    'A00554|comando': dict({
      'accion': 'aviso',
      'code': 'A00554',
      'counts_for_lockout': False,
      'exito': False,
      'fallo': False,
      'outcome': 'unknown',
      'reason': 'config',
      'regenerate_taskid': False,
      'retryable': False,
    }),
    'A00567|checkpassword': dict({
      'accion': 'aviso',
      'code': 'A00567',
      'counts_for_lockout': False,
      'exito': False,
      'fallo': False,
      'outcome': 'unknown',
      'reason': 'config',
      'regenerate_taskid': False,
      'retryable': False,
    }),
    'A00567|comando': dict({
      'accion': 'aviso',
      'code': 'A00567',
      'counts_for_lockout': False,
      'exito': False,
      'fallo': True,
      'outcome': 'ko',
      'reason': None,
      'regenerate_taskid': True,
      'retryable': False,
    }),
    'A00604|checkpassword': dict({
      'accion': 'aviso',
      'code': 'A00604',
      'counts_for_lockout': False,
      'exito': False,
      'fallo': False,
      'outcome': 'unknown',
      'reason': 'config',
      'regenerate_taskid': False,
      'retryable': False,
    }),
    'A00604|comando': dict({
      'accion': 'aviso',
      'code': 'A00604',
      'counts_for_lockout': False,
      'exito': False,
      'fallo': False,
      'outcome': 'unknown',
      'reason': 'config',
      'regenerate_taskid': False,
      'retryable': False,
    }),
    'A00643|checkpassword': dict({
      'accion': 'aviso',
      'code': 'A00643',
      'counts_for_lockout': False,
      'exito': False,
      'fallo': False,
      'outcome': 'unknown',
      'reason': 'config',
      'regenerate_taskid': False,
      'retryable': False,
    }),
    'A00643|comando': dict({
      'accion': 'aviso',
      'code': 'A00643',
      'counts_for_lockout': False,
      'exito': False,
      'fallo': False,
      'outcome': 'unknown',
      'reason': 'config',
      'regenerate_taskid': False,
      'retryable': False,
    }),
    'A00757|checkpassword': dict({
      'accion': 'aviso',
      'code': 'A00757',
      'counts_for_lockout': False,
      'exito': False,
      'fallo': False,
      'outcome': 'unknown',
      'reason': 'config',
      'regenerate_taskid': False,
      'retryable': False,
    }),
    'A00757|comando': dict({
      'accion': 'aviso',
      'code': 'A00757',
      'counts_for_lockout': False,
      'exito': False,
      'fallo': False,
      'outcome': 'unknown',
      'reason': 'config',
      'regenerate_taskid': False,
      'retryable': False,
    }),
    'A07312|checkpassword': dict({
      'accion': 'aviso',
      'code': 'A07312',
      'counts_for_lockout': False,
      'exito': False,
      'fallo': True,
      'outcome': 'ko',
      'reason': None,
      'regenerate_taskid': False,
      'retryable': False,
    }),
    'A07312|comando': dict({
      'accion': 'aviso',
      'code': 'A07312',
      'counts_for_lockout': False,
      'exito': False,
      'fallo': True,
      'outcome': 'ko',
      'reason': None,
      'regenerate_taskid': False,
      'retryable': False,
    }),
    'A07900|checkpassword': dict({
      'accion': 'aviso',
      'code': 'A07900',
      'counts_for_lockout': False,
      'exito': False,
      'fallo': True,
      'outcome': 'ko',
      'reason': None,
      'regenerate_taskid': False,
      'retryable': False,
    }),
    'A07900|comando': dict({
      'accion': 'aviso',
      'code': 'A07900',
      'counts_for_lockout': False,
      'exito': False,
      'fallo': True,
      'outcome': 'ko',
      'reason': None,
      'regenerate_taskid': False,
      'retryable': False,
    }),
    'A99999|checkpassword': dict({
      'accion': 'repair_pin',
      'code': 'A99999',
      'counts_for_lockout': True,
      'exito': False,
      'fallo': False,
      'outcome': 'unknown',
      'reason': 'pin',
      'regenerate_taskid': False,
      'retryable': False,
    }),
    'A99999|comando': dict({
      'accion': 'aviso',
      'code': 'A99999',
      'counts_for_lockout': False,
      'exito': False,
      'fallo': False,
      'outcome': 'unknown',
      'reason': None,
      'regenerate_taskid': False,
      'retryable': False,
    }),
  })
# ---
