# serializer version: 1
# name: test_entities[device_tracker.ebro_0001_ubicacion-entry]
  EntityRegistryEntrySnapshot({
    'aliases': list([
      None,
    ]),
    'area_id': None,
    'capabilities': dict({
      <DeviceTrackerEntityCapabilityAttribute.TRACKING_TYPE: 'tracking_type'>: <TrackingType.POSITION: 'position'>,
    }),
    'config_entry_id': <ANY>,
    'config_subentry_id': <ANY>,
    'device_class': None,
    'device_id': <ANY>,
    'disabled_by': None,
    'domain': 'device_tracker',
    'entity_category': <EntityCategory.DIAGNOSTIC: 'diagnostic'>,
    'entity_id': 'device_tracker.ebro_0001_ubicacion',
    'has_entity_name': True,
    'hidden_by': None,
    'icon': None,
    'id': <ANY>,
    'labels': set({
    }),
    'name': None,
    'object_id_base': None,
    'options': dict({
    }),
    'original_device_class': None,
    'original_icon': 'mdi:car',
    'original_name': 'Ubicación',
    'platform': 'ebro',
    'previous_unique_id': None,
    'suggested_object_id': 'ebro_0001_ubicacion',
    'supported_features': 0,
    'translation_key': 'ubicacion',
    'unique_id': 'LSJA0000000000001_position',
    'unit_of_measurement': None,
  })
# ---
# name: test_entities[device_tracker.ebro_0001_ubicacion-state]
  StateSnapshot({
    'attributes': ReadOnlyDict({
      <EntityStateAttribute.FRIENDLY_NAME: 'friendly_name'>: 'Ebro S900 Ubicación',
      <TrackerEntityStateAttribute.GPS_ACCURACY: 'gps_accuracy'>: 0,
      <EntityStateAttribute.ICON: 'icon'>: 'mdi:car',
      <DeviceTrackerEntityStateAttribute.IN_ZONES: 'in_zones'>: list([
      ]),
      <EntityStateAttribute.LATITUDE: 'latitude'>: 40.416775,
      <EntityStateAttribute.LONGITUDE: 'longitude'>: -3.70379,
      <DeviceTrackerEntityStateAttribute.SOURCE_TYPE: 'source_type'>: <SourceType.GPS: 'gps'>,
      <DeviceTrackerEntityCapabilityAttribute.TRACKING_TYPE: 'tracking_type'>: <TrackingType.POSITION: 'position'>,
    }),
    'context': <ANY>,
    'entity_id': 'device_tracker.ebro_0001_ubicacion',
    'last_changed': <ANY>,
    'last_reported': <ANY>,
    'last_updated': <ANY>,
    'state': 'not_home',
  })
# ---
