# serializer version: 1
# name: test_diagnostics
  dict({
    'coordinator': dict({
      'certs_present': dict({
        'ca.pem': False,
        'client.key': False,
        'client.pem': False,
        'eu_prd_cheryinternational.cer': False,
      }),
      'poll': dict({
        'charging_min': 15,
        'enabled': False,
        'moving_idle_min': 5,
        'moving_min': 3,
        'parked_min': 0,
        'plugged_min': 30,
        'plugged_wait_max_s': 0,
      }),
      'region': dict({
        'bff': 'https://legend.example.invalid/api',
        'car_mqtt_host': 'mqtt.example.invalid',
        'car_mqtt_port': 8083,
        'channel_id': '4',
        'tsp_host': 'https://tspconsole.example.invalid',
      }),
      'state': dict({
        'awake': True,
        'car_connected': True,
        'car_subscribe_detail': None,
        'car_subscribed': None,
        'car_topic': None,
        'cmd_status': 'confirmado ✅',
        'fields': dict({
          'airPurification': '0',
          'backLeftDoor': '0',
          'backLeftWindowState': '0',
          'backRightDoor': '0',
          'backRightWindowState': '0',
          'chargeAppointPlans': "[{'switchStatus': 1, 'startTime': 465, 'duration': 360, 'weekDays': 127}]",
          'chargeGunState': '1',
          'dSeatHeatingState': '1',
          'dSeatVentilateState': '0',
          'doorLock': '0',
          'engineState': '0',
          'fWinHeatingState': '0',
          'frontHVACState': '1',
          'frontLeftDoor': '0',
          'frontLeftWindowState': '0',
          'frontRightDoor': '0',
          'frontRightWindowState': '0',
          'frontWindshieldHeat': '0',
          'hood': '0',
          'lSeatHeatingState2': '2',
          'lSeatVentilateState2': '0',
          'liftgateOperateState': '0',
          'pSeatHeatingState': '0',
          'pSeatVentilateState': '0',
          'rSeatHeatingState2': '0',
          'rSeatVentilateState2': '0',
          'rWinHeatingState': '1',
          'steerWheelHeating': '1',
          'sunroofMoveState': '8',
          'sunroofState': '0',
          'sunshadeState': '0',
          'trunkDoor': '0',
        }),
        'fields_count': 32,
        'has_position_fix': True,
        'last_pos_fix': '2026-01-15T11:57:00+00:00',
        'last_seen': '2026-01-15T11:58:00+00:00',
        'last_wake': '2026-01-15T11:50:00+00:00',
        'probe_status': 'sonda ok',
        'realtime': dict({
          'appointmentChargeState': '0',
          'averageFuel': '6.4',
          'avgHkPowerKwh50km': '20.6',
          'chargeState': '1',
          'dumpEnergy': '64.5',
          'electricityCall': '0',
          'fastChargingGunStatus': '0',
          'frontSetTempLeft': '22',
          'frontSetTempRight': '22',
          'hVoltageState': '1',
          'hybridMileage': '3210',
          'lFrontTyreCall': '0',
          'lFrontTyreKpa': '292',
          'lFrontTyreTemp': '34',
          'lRearTyreCall': '0',
          'lRearTyreKpa': '285',
          'lRearTyreTemp': '33',
          'mileageSurplus': '215',
          'odometer': '12345',
          'oilCall': '0',
          'oilSurplus': '23',
          'onlineStatus': '1',
          'pureElectricRange': '60',
          'rFrontTyreCall': '0',
          'rFrontTyreKpa': '288',
          'rFrontTyreTemp': '35',
          'rRearTyreCall': '0',
          'rRearTyreKpa': '290',
          'rRearTyreTemp': '34',
          'remainChargeTime': '90',
          'socLowCall': '0',
          'totalCurrent': '15.5',
          'totalVoltage': '323.1',
          'vehicleSpeed': '0',
        }),
        'session_detail': 'sesión válida',
        'session_ok': True,
        'wake_status': 'coche accesible',
      }),
      'token_present': False,
    }),
    'entry': dict({
      'data': dict({
        'area_code': '34',
        'bff': 'https://legend.example.invalid/api',
        'car_mqtt_host': 'mqtt.example.invalid',
        'car_mqtt_port': 8083,
        'channel_id': '4',
        'password': '**REDACTED**',
        'phone': '**REDACTED**',
        'pin': '**REDACTED**',
        'sign_key': '',
        'tsp_host': 'https://tspconsole.example.invalid',
        'tuserid': '**REDACTED**',
        'vehicle_brand': 'Ebro',
        'vehicle_model': 'S900',
        'vehicle_name': 'Ebro S900',
        'vin': '**REDACTED**',
      }),
      'options': dict({
        'poll_charging_min': 15,
        'poll_moving_idle_min': 5,
        'poll_moving_min': 3,
        'poll_normal_min': 0,
        'poll_plugged_min': 30,
      }),
      'title': 'Ebro Auto',
      'version': 1,
    }),
  })
# ---
# name: test_sin_coordinator
  dict({
    'coordinator': 'no inicializado (entrada no cargada)',
    'entry': dict({
      'data': dict({
        'area_code': '34',
        'bff': 'https://legend.example.invalid/api',
        'car_mqtt_host': 'mqtt.example.invalid',
        'car_mqtt_port': 8083,
        'channel_id': '4',
        'password': '**REDACTED**',
        'phone': '**REDACTED**',
        'pin': '**REDACTED**',
        'sign_key': '',
        'tsp_host': 'https://tspconsole.example.invalid',
        'tuserid': '**REDACTED**',
        'vehicle_brand': 'Ebro',
        'vehicle_model': 'S900',
        'vehicle_name': 'Ebro S900',
        'vin': '**REDACTED**',
      }),
      'options': dict({
        'poll_charging_min': 15,
        'poll_moving_idle_min': 5,
        'poll_moving_min': 3,
        'poll_normal_min': 0,
        'poll_plugged_min': 30,
      }),
      'title': 'Ebro Auto',
      'version': 1,
    }),
  })
# ---
